Microchip Technology Inc, v1.61 (B)

Tool Name:
  c:\program files\microchip\xc16\v1.61\bin\bin\..\bin/elf-ld.exe

Command:
  -p24FJ32GB002 \
  --mdfp=C:/Program Files/Microchip/MPLABX/v5.45/packs/Microchip/PIC24F-GA-GB_DFP/1.4.141/xc16 \
  -o \
  dist/default/production/SampleTimer.X.production.elf \
  -Lc:/program files/microchip/xc16/v1.61/bin/bin/.. \
  -LC:/Program Files/Microchip/MPLABX/v5.45/packs/Microchip/PIC24F-GA-GB_DFP/1.4.141/xc16/bin/../support/PIC24F/gld \
  -Lc:/program files/microchip/xc16/v1.61/bin/bin/../../lib \
  -Lc:/program files/microchip/xc16/v1.61/bin/bin/../../support/PIC24E/gld \
  -Lc:/program files/microchip/xc16/v1.61/bin/bin/../../support/PIC24F/gld \
  -Lc:/program files/microchip/xc16/v1.61/bin/bin/../../support/PIC24H/gld \
  -Lc:/program files/microchip/xc16/v1.61/bin/bin/../../support/dsPIC30F/gld \
  -Lc:/program files/microchip/xc16/v1.61/bin/bin/../../support/dsPIC33C/gld \
  -Lc:/program files/microchip/xc16/v1.61/bin/bin/../../support/dsPIC33E/gld \
  -Lc:/program files/microchip/xc16/v1.61/bin/bin/../../support/dsPIC33F/gld \
  build/default/production/mcc_generated_files/interrupt_manager.o \
  build/default/production/mcc_generated_files/pin_manager.o \
  build/default/production/mcc_generated_files/mcc.o \
  build/default/production/mcc_generated_files/clock.o \
  build/default/production/mcc_generated_files/traps.o \
  build/default/production/mcc_generated_files/system.o \
  build/default/production/mcc_generated_files/adc1.o \
  build/default/production/main.o \
  build/default/production/mcc_generated_files/cmp1.o \
  build/default/production/mcc_generated_files/tmr2.o \
  build/default/production/mcc_generated_files/drivers/timeout.o \
  build/default/production/mcc_generated_files/tmr1.o \
  --defsym=__MPLAB_BUILD=1 \
  -Tp24FJ32GB002.gld.00 \
  --stack=16 \
  --check-sections \
  --data-init \
  --pack-data \
  --handles \
  --isr \
  --no-gc-sections \
  --fill-upper=0 \
  --stackguard=16 \
  --no-force-link \
  --smart-io \
  -Map=dist/default/production/SampleTimer.X.production.map \
  --report-mem \
  --memorysummary \
  dist/default/production/memoryfile.xml \
  -start-group \
  --library=lega-pic30-elf \
  --library=m-elf \
  --library=lega-c-elf \
  -end-group \


Optional library libpPIC24Fxxx.a not found
Archive member included because of file (symbol)

c:/program files/microchip/xc16/v1.61/bin/bin/../../lib\liblega-pic30-elf.a(crt0_standard.o)
                              (__resetPRI)
c:/program files/microchip/xc16/v1.61/bin/bin/../../lib\liblega-pic30-elf.a(data_init_standard.o)
                              c:/program files/microchip/xc16/v1.61/bin/bin/../../lib\liblega-pic30-elf.a(crt0_standard.o) (__data_init_standard)
c:/program files/microchip/xc16/v1.61/bin/bin/../../lib\liblega-pic30-elf.a(crt_start_mode_normal.Leo)
                              (__crt_start_mode_normal)
c:/program files/microchip/xc16/v1.61/bin/bin/../../lib\libm-elf.a(divsf3.eo)
                              build/default/production/main.o (___divsf3)
c:/program files/microchip/xc16/v1.61/bin/bin/../../lib\libm-elf.a(fgtge.eo)
                              build/default/production/main.o (___gtsf2)
c:/program files/microchip/xc16/v1.61/bin/bin/../../lib\libm-elf.a(fixsfsi.eo)
                              build/default/production/main.o (_(float, int, long long, short, float, short, int))
c:/program files/microchip/xc16/v1.61/bin/bin/../../lib\libm-elf.a(floatsisf.eo)
                              build/default/production/main.o (___floatsisf)
c:/program files/microchip/xc16/v1.61/bin/bin/../../lib\libm-elf.a(floatunsisf.eo)
                              build/default/production/main.o (___floatunsisf)
c:/program files/microchip/xc16/v1.61/bin/bin/../../lib\libm-elf.a(fpack.eo)
                              c:/program files/microchip/xc16/v1.61/bin/bin/../../lib\libm-elf.a(divsf3.eo) (__fpack)
c:/program files/microchip/xc16/v1.61/bin/bin/../../lib\libm-elf.a(funpack.eo)
                              c:/program files/microchip/xc16/v1.61/bin/bin/../../lib\libm-elf.a(fixsfsi.eo) (__funpack)
c:/program files/microchip/xc16/v1.61/bin/bin/../../lib\libm-elf.a(funpack2.eo)
                              c:/program files/microchip/xc16/v1.61/bin/bin/../../lib\libm-elf.a(divsf3.eo) (__funpack2)
c:/program files/microchip/xc16/v1.61/bin/bin/../../lib\libm-elf.a(futil.eo)
                              c:/program files/microchip/xc16/v1.61/bin/bin/../../lib\libm-elf.a(divsf3.eo) (__fPropagateNaN)
c:/program files/microchip/xc16/v1.61/bin/bin/../../lib\libm-elf.a(mulsf3.eo)
                              build/default/production/main.o (___mulsf3)
c:/program files/microchip/xc16/v1.61/bin/bin/../../lib\libm-elf.a(fcompare.eo)
                              c:/program files/microchip/xc16/v1.61/bin/bin/../../lib\libm-elf.a(fgtge.eo) (__fcompare)
c:/program files/microchip/xc16/v1.61/bin/bin/../../lib\libm-elf.a(floatdisf.eo)
[...]
Memory Configuration

Name             Origin             Length             Attributes
data             0x000800           0x002000           a !xr
reset            0x000000           0x000004  
ivt              0x000004           0x0000fc  
_reserved        0x000100           0x000004  
aivt             0x000104           0x0000fc  
program          0x000200           0x0055f8           xr
CONFIG4          0x0057f8           0x000002  
CONFIG3          0x0057fa           0x000002  
CONFIG2          0x0057fc           0x000002  
CONFIG1          0x0057fe           0x000002  
*default*        0x000000           0xffffffff  

Linker script and memory map

LOAD build/default/production/mcc_generated_files/interrupt_manager.o
LOAD build/default/production/mcc_generated_files/pin_manager.o
LOAD build/default/production/mcc_generated_files/mcc.o
LOAD build/default/production/mcc_generated_files/clock.o
LOAD build/default/production/mcc_generated_files/traps.o
LOAD build/default/production/mcc_generated_files/system.o
LOAD build/default/production/mcc_generated_files/adc1.o
LOAD build/default/production/main.o
LOAD build/default/production/mcc_generated_files/cmp1.o
LOAD build/default/production/mcc_generated_files/tmr2.o
LOAD build/default/production/mcc_generated_files/drivers/timeout.o
LOAD build/default/production/mcc_generated_files/tmr1.o
                    0x0001                  __MPLAB_BUILD = 0x1
LOAD pPIC24Fxxx
LOAD c:/program files/microchip/xc16/v1.61/bin/bin/../../lib\libfx-elf.a
                    0x57f8                  __CONFIG4 = 0x57f8
                    0x57fa                  __CONFIG3 = 0x57fa
                    0x57fc                  __CONFIG2 = 0x57fc
                    0x57fe                  __CONFIG1 = 0x57fe
                    0x0001                  __NO_HANDLES = 0x1
                    0x0200                  __CODE_BASE = 0x200
                    0x55f8                  __CODE_LENGTH = 0x55f8
                    0x0004                  __IVT_BASE = 0x4
                    0x0104                  __AIVT_BASE = 0x104
                    0x0800                  __DATA_BASE = 0x800
                    0x2000                  __DATA_LENGTH = 0x2000

.reset            0x000000          0x4
                  0x000000          0x2 SHORT 0x200 ABSOLUTE (__reset)
                  0x000001          0x2 SHORT 0x4
                  0x000002          0x2 SHORT 0x0 ((ABSOLUTE (__reset) >> 0x10) & 0x7f)
                  0x000003          0x2 SHORT 0x0

.text             0x000200       0x21a2
 *(.init)
 .init            0x000200         0x4c c:/program files/microchip/xc16/v1.61/bin/bin/../../lib\liblega-pic30-elf.a(crt0_standard.o)
                  0x000200                  __resetPRI
                  0x000200                  __reset
                  0x00023c                  __psv_init
 .init            0x00024c         0x7c c:/program files/microchip/xc16/v1.61/bin/bin/../../lib\liblega-pic30-elf.a(data_init_standard.o)
                  0x000252                  __data_init_standard
                  0x000252                  __data_init
 *(.user_init)
 *(.handle)
 *(.isr*)
 .isr.text        0x0002f8         0x82 build/default/production/mcc_generated_files/traps.o
                  0x0002f8                  __OscillatorFail
                  0x000318                  __StackError
                  0x00033a                  __AddressError
                  0x00035a                  __MathError
 .isr.text        0x00037a         0x36 build/default/production/mcc_generated_files/tmr2.o
                  0x00037a                  __T2Interrupt
 .isr.text        0x0003b0         0x36 build/default/production/mcc_generated_files/tmr1.o
                  0x0003b0                  __T1Interrupt
 .isr             0x0003e6          0x4 default_isr
                  0x0003e6                  __DefaultInterrupt
 *(.libc)
 .libc            0x0003ea         0x12 c:/program files/microchip/xc16/v1.61/bin/bin/../../lib\liblega-pic30-elf.a(close.Leo)
                  0x0003ea                  _close
 .libc            0x0003fc         0x84 c:/program files/microchip/xc16/v1.61/bin/bin/../../lib\liblega-pic30-elf.a(write.Leo)
                  0x0003fc                  _write
 .libc            0x000480         0x12 c:/program files/microchip/xc16/v1.61/bin/bin/../../lib\liblega-pic30-elf.a(remove.Leo)
                  0x000480                  _remove
 .libc            0x000492         0x28 c:/program files/microchip/xc16/v1.61/bin/bin/../../lib\liblega-pic30-elf.a(sbrk.Leo)
                  0x000492                  _sbrk
 .libc            0x0004ba         0x1a c:/program files/microchip/xc16/v1.61/bin/bin/../../lib\liblega-pic30-elf.a(brk.Lelo)
                  0x0004ba                  _brk
 *(.libm)
 *(.libdsp)
 *(.lib*)
 .libpic30_crt_start_mode
                  0x0004d4          0x2 c:/program files/microchip/xc16/v1.61/bin/bin/../../lib\liblega-pic30-elf.a(crt_start_mode_normal.Leo)
                  0x0004d4                  __crt_start_mode
                  0x0004d4                  __crt_start_mode_normal
 .libm.divfs3     0x0004d6         0x84 c:/program files/microchip/xc16/v1.61/bin/bin/../../lib\libm-elf.a(divsf3.eo)
                  0x0004d6                  ___divsf3
 .libm.gtsf2      0x00055a          0x4 c:/program files/microchip/xc16/v1.61/bin/bin/../../lib\libm-elf.a(fgtge.eo)
                  0x00055a                  ___gesf2
                  0x00055a                  ___gtsf2
 .libm.fixsfsi    0x00055e         0x42 c:/program files/microchip/xc16/v1.61/bin/bin/../../lib\libm-elf.a(fixsfsi.eo)
                  0x00055e                  _(float, int, long long, short, float, short, int)
 .libm.floatsisf
                  0x0005a0          0x6 c:/program files/microchip/xc16/v1.61/bin/bin/../../lib\libm-elf.a(floatsisf.eo)
                  0x0005a0                  ___floatsisf
 .libm.floatunsisf
                  0x0005a6          0x4 c:/program files/microchip/xc16/v1.61/bin/bin/../../lib\libm-elf.a(floatunsisf.eo)
                  0x0005a6                  ___floatunsisf
 .libm.fpack      0x0005aa         0x4c c:/program files/microchip/xc16/v1.61/bin/bin/../../lib\libm-elf.a(fpack.eo)
                  0x0005aa                  __fpack
 .libm.funpack    0x0005f6         0x2a c:/program files/microchip/xc16/v1.61/bin/bin/../../lib\libm-elf.a(funpack.eo)
                  0x0005f6                  __funpack
 .libm.funpack2
                  0x000620         0x10 c:/program files/microchip/xc16/v1.61/bin/bin/../../lib\libm-elf.a(funpack2.eo)
                  0x000620                  __funpack2
 .libm.fPropagateNaN
                  0x000630         0x12 c:/program files/microchip/xc16/v1.61/bin/bin/../../lib\libm-elf.a(futil.eo)
                  0x000630                  __fPropagateNaN
 .libm.fbobExit
                  0x000642          0x8 c:/program files/microchip/xc16/v1.61/bin/bin/../../lib\libm-elf.a(futil.eo)
                  0x000642                  __fbopExit
 .libm.fbopReturnNaN
                  0x00064a          0x6 c:/program files/microchip/xc16/v1.61/bin/bin/../../lib\libm-elf.a(futil.eo)
                  0x00064a                  __fbopReturnNaN
 .libm.mulsf3     0x000650         0x68 c:/program files/microchip/xc16/v1.61/bin/bin/../../lib\libm-elf.a(mulsf3.eo)
                  0x000650                  ___mulsf3
 .libm.fcompare
                  0x0006b8         0x36 c:/program files/microchip/xc16/v1.61/bin/bin/../../lib\libm-elf.a(fcompare.eo)
                  0x0006b8                  __fcompare
 .libm.floatdisf
                  0x0006ee         0x20 c:/program files/microchip/xc16/v1.61/bin/bin/../../lib\libm-elf.a(floatdisf.eo)
                  0x0006ee                  ___floatdisf
 .libm.floatundisf
                  0x00070e         0x5e c:/program files/microchip/xc16/v1.61/bin/bin/../../lib\libm-elf.a(floatundisf.eo)
                  0x00070e                  ___floatundisf
 .libc.puts       0x00076c         0x16 c:/program files/microchip/xc16/v1.61/bin/bin/../../lib\liblega-c-elf.a(puts.XX_eo)
                  0x00076c                  _puts
 .libc.strlen     0x000782          0xc c:/program files/microchip/xc16/v1.61/bin/bin/../../lib\liblega-c-elf.a(strlen.XX_eo)
                  0x000782                  _strlen
 .libc.fputc      0x00078e         0x4e c:/program files/microchip/xc16/v1.61/bin/bin/../../lib\liblega-c-elf.a(fputc.XX_elo)
                  0x00078e                  _fputc
 .libc.prout      0x0007dc         0x1c c:/program files/microchip/xc16/v1.61/bin/bin/../../lib\liblega-c-elf.a(printf_cdnopuxX.XXeo)
                  0x0007dc                  printf_cdnopuxX.XXeo:_prout
 .libc._printf_cdnopuxX
                  0x0007f8         0x10 c:/program files/microchip/xc16/v1.61/bin/bin/../../lib\liblega-c-elf.a(printf_cdnopuxX.XXeo)
                  0x0007f8                  __printf_cdnopuxX
 .libc.eprout     0x000808         0x1a c:/program files/microchip/xc16/v1.61/bin/bin/../../lib\liblega-c-elf.a(sprintf_cdfFnopuxX.XXeo)
                  0x000808                  sprintf_cdfFnopuxX.XXeo:_eprout
 .libc.prout      0x000822          0xe c:/program files/microchip/xc16/v1.61/bin/bin/../../lib\liblega-c-elf.a(sprintf_cdfFnopuxX.XXeo)
                  0x000822                  sprintf_cdfFnopuxX.XXeo:_prout
 .libc._sprintf_cdfFnopuxX
                  0x000830         0x20 c:/program files/microchip/xc16/v1.61/bin/bin/../../lib\liblega-c-elf.a(sprintf_cdfFnopuxX.XXeo)
                  0x000830                  __sprintf_cdfFnopuxX
 .libc.eprout     0x000850         0x1e c:/program files/microchip/xc16/v1.61/bin/bin/../../lib\liblega-c-elf.a(xprintf_cdfFnopuxX.XXeo)
                  0x000850                  xprintf_cdfFnopuxX.XXeo:_eprout
 .libc.__ePrintf_cdfFnopuxX
                  0x00086e        0x176 c:/program files/microchip/xc16/v1.61/bin/bin/../../lib\liblega-c-elf.a(xprintf_cdfFnopuxX.XXeo)
                  0x00086e                  ___ePrintf_cdfFnopuxX
 .libc.__Printf_cdfFnopuxX
                  0x0009e4          0xa c:/program files/microchip/xc16/v1.61/bin/bin/../../lib\liblega-c-elf.a(xprintf_cdfFnopuxX.XXeo)
                  0x0009e4                  ___Printf_cdnopuxX
                  0x0009e4                  ___Printf_cdfFnopuxX
 .libc.__Putfld_cdfFnopuxX
                  0x0009ee        0x2a6 c:/program files/microchip/xc16/v1.61/bin/bin/../../lib\liblega-c-elf.a(xputfld_cdfFnopuxX.XXeo)
                  0x0009ee                  ___Putfld_cdfFnopuxX
                  0x0009ee                  ___Putfld_cdnopuxX
 .libc.__Ldtob_cdfFnopuxX
                  0x000c94        0x250 c:/program files/microchip/xc16/v1.61/bin/bin/../../lib\liblega-c-elf.a(xldtob_cdfFnopuxX.XXeo)
                  0x000c94                  ___Ldtob_cdfFnopuxX
 .libc.__Genld_cdfFnopuxX
                  0x000ee4        0x208 c:/program files/microchip/xc16/v1.61/bin/bin/../../lib\liblega-c-elf.a(xgenld_cdfFnopuxX.XXeo)
                  0x000ee4                  ___Genld_cdfFnopuxX
 .libc.div        0x0010ec         0x16 c:/program files/microchip/xc16/v1.61/bin/bin/../../lib\liblega-c-elf.a(div.XX_eo)
                  0x0010ec                  _div
 .libc._DNKfflush
                  0x001102         0x76 c:/program files/microchip/xc16/v1.61/bin/bin/../../lib\liblega-c-elf.a(fflush.XX_eo)
                  0x001102                  __DNKfflush
 .libc.fputs      0x001178         0x90 c:/program files/microchip/xc16/v1.61/bin/bin/../../lib\liblega-c-elf.a(fputs.XX_eo)
                  0x001178                  _fputs
 .libc.fwrite     0x001208         0xa8 c:/program files/microchip/xc16/v1.61/bin/bin/../../lib\liblega-c-elf.a(fwrite.XX_eo)
                  0x001208                  _fwrite
 .libc.ldiv       0x0012b0         0x2a c:/program files/microchip/xc16/v1.61/bin/bin/../../lib\liblega-c-elf.a(ldiv.XX_eo)
                  0x0012b0                  _ldiv
 .libc.memchr     0x0012da         0x14 c:/program files/microchip/xc16/v1.61/bin/bin/../../lib\liblega-c-elf.a(memchr.XX_eo)
                  0x0012da                  _memchr
 .libc.memcpy     0x0012ee          0xe c:/program files/microchip/xc16/v1.61/bin/bin/../../lib\liblega-c-elf.a(memcpy.XX_eo)
                  0x0012ee                  _memcpy
 .libc.strchr     0x0012fc         0x18 c:/program files/microchip/xc16/v1.61/bin/bin/../../lib\liblega-c-elf.a(strchr.XX_eo)
                  0x0012fc                  _strchr
 .libc.strrchr    0x001314         0x14 c:/program files/microchip/xc16/v1.61/bin/bin/../../lib\liblega-c-elf.a(strrchr.XX_eo)
                  0x001314                  _strrchr
 .libc._Fwprep    0x001328         0x8e c:/program files/microchip/xc16/v1.61/bin/bin/../../lib\liblega-c-elf.a(xfwprep.XX_eo)
                  0x001328                  __Fwprep
 .libc._LDunscale
                  0x0013b6         0x54 c:/program files/microchip/xc16/v1.61/bin/bin/../../lib\liblega-c-elf.a(xldunsca.XX_eo)
                  0x0013b6                  __LDunscale
 .libc._Litob     0x00140a        0x25e c:/program files/microchip/xc16/v1.61/bin/bin/../../lib\liblega-c-elf.a(xlitob.XX_eo)
                  0x00140a                  __Litob
 .libc._Puttxt    0x001668        0x1b4 c:/program files/microchip/xc16/v1.61/bin/bin/../../lib\liblega-c-elf.a(xputtxt.XX_eo)
                  0x001668                  __Puttxt
 .libc._Vacopy    0x00181c          0x4 c:/program files/microchip/xc16/v1.61/bin/bin/../../lib\liblega-c-elf.a(xvacopy.XX_eo)
                  0x00181c                  __Vacopy
 .libc.efwrite    0x001820         0xd8 c:/program files/microchip/xc16/v1.61/bin/bin/../../lib\liblega-c-elf.a(efwrite.XX_eo)
                  0x001820                  _efwrite
 .libc.closeallreg
                  0x0018f8          0x4 c:/program files/microchip/xc16/v1.61/bin/bin/../../lib\liblega-c-elf.a(fclose.XX_elo)
 .libc._Closreg
                  0x0018fc         0x12 c:/program files/microchip/xc16/v1.61/bin/bin/../../lib\liblega-c-elf.a(fclose.XX_elo)
                  0x0018fc                  __Closreg
 .libc.fclose     0x00190e         0x90 c:/program files/microchip/xc16/v1.61/bin/bin/../../lib\liblega-c-elf.a(fclose.XX_elo)
                  0x00190e                  _fclose
 .libc.closeall
                  0x00199e         0x20 c:/program files/microchip/xc16/v1.61/bin/bin/../../lib\liblega-c-elf.a(fclose.XX_elo)
                  0x00199e                  fclose.XX_elo:_closeall
 .libc._Atexit    0x0019be         0x18 c:/program files/microchip/xc16/v1.61/bin/bin/../../lib\liblega-c-elf.a(xatexit.XX_elo)
                  0x0019be                  __Atexit
 .libc._Dnorm     0x0019d6         0x98 c:/program files/microchip/xc16/v1.61/bin/bin/../../lib\liblega-c-elf.a(xdnorm.XX_elo)
                  0x0019d6                  __Dnorm
 .libc.free       0x001a6e         0x64 c:/program files/microchip/xc16/v1.61/bin/bin/../../lib\liblega-c-elf.a(free.XX_eo)
                  0x001a6e                  _free
 .libc.findmem    0x001ad2         0x66 c:/program files/microchip/xc16/v1.61/bin/bin/../../lib\liblega-c-elf.a(malloc.XX_eo)
 .libc.malloc     0x001b38         0x54 c:/program files/microchip/xc16/v1.61/bin/bin/../../lib\liblega-c-elf.a(malloc.XX_eo)
                  0x001b38                  _malloc
 .libc._Getmem    0x001b8c         0x14 c:/program files/microchip/xc16/v1.61/bin/bin/../../lib\liblega-c-elf.a(xgetmem.XX_eo)
                  0x001b8c                  __Getmem
 .libc.doclose    0x001ba0          0x4 c:/program files/microchip/xc16/v1.61/bin/bin/../../lib\liblega-pic30-elf.a(close.Leo)
 .libc.dowrite    0x001ba4          0x4 c:/program files/microchip/xc16/v1.61/bin/bin/../../lib\liblega-pic30-elf.a(write.Leo)
 .libc.doremove
                  0x001ba8          0x4 c:/program files/microchip/xc16/v1.61/bin/bin/../../lib\liblega-pic30-elf.a(remove.Leo)
 .libc.memcpy_eds
                  0x001bac         0x3a c:/program files/microchip/xc16/v1.61/bin/bin/../../lib\liblega-pic30-elf.a(memcpy_eds.Leo)
                  0x001bac                  __memcpy_eds_3
                  0x001bac                  __memcpy_eds
 .libc._memchr_eds
                  0x001be6         0x36 c:/program files/microchip/xc16/v1.61/bin/bin/../../lib\liblega-pic30-elf.a(memchr_eds.Leo)
                  0x001be6                  __memchr_eds
 .libm.eqdf2      0x001c1c          0xa c:/program files/microchip/xc16/v1.61/bin/bin/../../lib\libm-elf.a(deqltle.eo)
                  0x001c1c                  ___eqdf2
                  0x001c1c                  ___ltdf2
                  0x001c1c                  ___ledf2
 .libm.gtdf2      0x001c26          0xa c:/program files/microchip/xc16/v1.61/bin/bin/../../lib\libm-elf.a(dgtge.eo)
                  0x001c26                  ___gtdf2
                  0x001c26                  ___gedf2
 .libm.divdf3     0x001c30         0xb4 c:/program files/microchip/xc16/v1.61/bin/bin/../../lib\libm-elf.a(divdf3.eo)
                  0x001c30                  ___divdf3
 .libm.divsi3     0x001ce4         0x1e c:/program files/microchip/xc16/v1.61/bin/bin/../../lib\libm-elf.a(divsi3.eo)
                  0x001ce4                  ___divsi3
 .libm.dpack      0x001d02         0x58 c:/program files/microchip/xc16/v1.61/bin/bin/../../lib\libm-elf.a(dpack.eo)
                  0x001d02                  __dpack
 .libm.dunpack2
                  0x001d5a         0x32 c:/program files/microchip/xc16/v1.61/bin/bin/../../lib\libm-elf.a(dunpack2.eo)
                  0x001d5a                  __dunpack2
                  0x001d7c                  __dreturnNaN
                  0x001d82                  __dunpack2exit
 .libm.extendsfdf2
                  0x001d8c         0x3e c:/program files/microchip/xc16/v1.61/bin/bin/../../lib\libm-elf.a(extendsfdf.eo)
                  0x001d8c                  ___extendsfdf2
 .libm.fixdfsi    0x001dca         0x58 c:/program files/microchip/xc16/v1.61/bin/bin/../../lib\libm-elf.a(fixdfsi.eo)
                  0x001dca                  _(float, int, long long, double, float, short, int)
 .libm.floatsidf
                  0x001e22          0x6 c:/program files/microchip/xc16/v1.61/bin/bin/../../lib\libm-elf.a(floatsidf.eo)
                  0x001e22                  ___floatsidf
 .libm.muldf3     0x001e28         0xec c:/program files/microchip/xc16/v1.61/bin/bin/../../lib\libm-elf.a(muldf3.eo)
                  0x001e28                  ___muldf3
 .libm.subdf3     0x001f14          0x4 c:/program files/microchip/xc16/v1.61/bin/bin/../../lib\libm-elf.a(subdf3.eo)
                  0x001f14                  ___subdf3
 .libm.udivsi3    0x001f18         0x20 c:/program files/microchip/xc16/v1.61/bin/bin/../../lib\libm-elf.a(udivsi3.eo)
                  0x001f18                  ___udivsi3
 .libm.umodsi3    0x001f38          0x6 c:/program files/microchip/xc16/v1.61/bin/bin/../../lib\libm-elf.a(umodsi3.eo)
                  0x001f38                  ___umodsi3
 .libm.mulsi3     0x001f3e          0xc c:/program files/microchip/xc16/v1.61/bin/bin/../../lib\libm-elf.a(mulsi3.eo)
                  0x001f3e                  ___mulp32peds3
                  0x001f3e                  ___mulsi3
                  0x001f3e                  ___mulp32eds3
 .libm.__PplusBdi
                  0x001f4a         0x26 c:/program files/microchip/xc16/v1.61/bin/bin/../../lib\libm-elf.a(divmoddi3.eo)
 .libm.__PminusBdi
                  0x001f70         0x26 c:/program files/microchip/xc16/v1.61/bin/bin/../../lib\libm-elf.a(divmoddi3.eo)
 .libm.__udivmoddi3
                  0x001f96         0xe6 c:/program files/microchip/xc16/v1.61/bin/bin/../../lib\libm-elf.a(divmoddi3.eo)
                  0x001f96                  ___udivmoddi3
 .libm.__udivdi3
                  0x00207c          0xe c:/program files/microchip/xc16/v1.61/bin/bin/../../lib\libm-elf.a(divmoddi3.eo)
                  0x00207c                  ___udivdi3
 .libm.__umoddi3
                  0x00208a          0x8 c:/program files/microchip/xc16/v1.61/bin/bin/../../lib\libm-elf.a(divmoddi3.eo)
                  0x00208a                  ___umoddi3
 .libm.__divdi3
                  0x002092         0x60 c:/program files/microchip/xc16/v1.61/bin/bin/../../lib\libm-elf.a(divmoddi3.eo)
                  0x002092                  ___divdi3
 .libm.__moddi3
                  0x0020f2         0x5c c:/program files/microchip/xc16/v1.61/bin/bin/../../lib\libm-elf.a(divmoddi3.eo)
                  0x0020f2                  ___moddi3
 *fill*           0x00214e          0x400
 .libm.adddf3     0x002150         0xfc c:/program files/microchip/xc16/v1.61/bin/bin/../../lib\libm-elf.a(adddf3.eo)
                  0x002150                  ___adddf3
 .libm.dcompare
                  0x00224c         0x52 c:/program files/microchip/xc16/v1.61/bin/bin/../../lib\libm-elf.a(dcompare.eo)
                  0x00224c                  __dcompare
 .libm.dPropagateNaN
                  0x00229e         0x1c c:/program files/microchip/xc16/v1.61/bin/bin/../../lib\libm-elf.a(dpropagateNaN.eo)
                  0x00229e                  __dPropagateNaN
 .libm.dtype      0x0022ba         0x24 c:/program files/microchip/xc16/v1.61/bin/bin/../../lib\libm-elf.a(dtype.eo)
                  0x0022ba                  __dtype
 .libm.dunpack    0x0022de         0x4e c:/program files/microchip/xc16/v1.61/bin/bin/../../lib\libm-elf.a(dunpack.eo)
                  0x0022de                  __dunpack
 .libm.floatdidf
                  0x00232c         0x20 c:/program files/microchip/xc16/v1.61/bin/bin/../../lib\libm-elf.a(floatdidf.eo)
                  0x00232c                  ___floatdidf
 .libm.floatundidf
                  0x00234c         0x56 c:/program files/microchip/xc16/v1.61/bin/bin/../../lib\libm-elf.a(floatundidf.eo)
                  0x00234c                  ___floatundidf

usercode
 *(usercode)

__CONFIG4
 *(__CONFIG4.sec*)

__CONFIG3
 *(__CONFIG3.sec*)

__CONFIG2
 *(__CONFIG2.sec*)

__CONFIG1
 *(__CONFIG1.sec*)

.comment          0x000000         0x5e
 *(.comment)
 .comment         0x000000         0x5e c:/program files/microchip/xc16/v1.61/bin/bin/../../lib\liblega-c-elf.a(xfiles.XX_eo)

.debug_info       0x000000       0x442e
 *(.debug_info)
 .debug_info      0x000000        0x495 build/default/production/mcc_generated_files/interrupt_manager.o
 .debug_info      0x000495        0x29b build/default/production/mcc_generated_files/pin_manager.o
 .debug_info      0x000730        0x248 build/default/production/mcc_generated_files/clock.o
 .debug_info      0x000978        0x380 build/default/production/mcc_generated_files/traps.o
 .debug_info      0x000cf8        0x47e build/default/production/mcc_generated_files/system.o
 .debug_info      0x001176        0x8db build/default/production/mcc_generated_files/adc1.o
 .debug_info      0x001a51        0x924 build/default/production/main.o
 .debug_info      0x002375        0x52b build/default/production/mcc_generated_files/cmp1.o
 .debug_info      0x0028a0        0x827 build/default/production/mcc_generated_files/tmr2.o
 .debug_info      0x0030c7        0xb3e build/default/production/mcc_generated_files/drivers/timeout.o
 .debug_info      0x003c05        0x829 build/default/production/mcc_generated_files/tmr1.o
 *(.gnu.linkonce.wi.*)

.debug_abbrev     0x000000        0xce2
 *(.debug_abbrev)
 .debug_abbrev    0x000000         0xb4 build/default/production/mcc_generated_files/interrupt_manager.o
 .debug_abbrev    0x0000b4         0x6a build/default/production/mcc_generated_files/pin_manager.o
 .debug_abbrev    0x00011e          0x1 build/default/production/mcc_generated_files/mcc.o
 .debug_abbrev    0x00011f         0x59 build/default/production/mcc_generated_files/clock.o
 .debug_abbrev    0x000178        0x100 build/default/production/mcc_generated_files/traps.o
 .debug_abbrev    0x000278         0xb4 build/default/production/mcc_generated_files/system.o
 .debug_abbrev    0x00032c        0x19a build/default/production/mcc_generated_files/adc1.o
 .debug_abbrev    0x0004c6        0x1a4 build/default/production/main.o
 .debug_abbrev    0x00066a        0x113 build/default/production/mcc_generated_files/cmp1.o
 .debug_abbrev    0x00077d        0x1a2 build/default/production/mcc_generated_files/tmr2.o
 .debug_abbrev    0x00091f        0x221 build/default/production/mcc_generated_files/drivers/timeout.o
 .debug_abbrev    0x000b40        0x1a2 build/default/production/mcc_generated_files/tmr1.o

.debug_line       0x000000        0xee5
 *(.debug_line)
 .debug_line      0x000000        0x126 build/default/production/mcc_generated_files/interrupt_manager.o
 .debug_line      0x000126        0x127 build/default/production/mcc_generated_files/pin_manager.o
 .debug_line      0x00024d         0x1a build/default/production/mcc_generated_files/mcc.o
 .debug_line      0x000267        0x121 build/default/production/mcc_generated_files/clock.o
 .debug_line      0x000388        0x14b build/default/production/mcc_generated_files/traps.o
 .debug_line      0x0004d3        0x122 build/default/production/mcc_generated_files/system.o
 .debug_line      0x0005f5        0x14a build/default/production/mcc_generated_files/adc1.o
 .debug_line      0x00073f        0x194 build/default/production/main.o
 .debug_line      0x0008d3        0x140 build/default/production/mcc_generated_files/cmp1.o
 .debug_line      0x000a13        0x162 build/default/production/mcc_generated_files/tmr2.o
 .debug_line      0x000b75        0x20e build/default/production/mcc_generated_files/drivers/timeout.o
 .debug_line      0x000d83        0x162 build/default/production/mcc_generated_files/tmr1.o

.debug_frame      0x000000        0xa10
 *(.debug_frame)
 .debug_frame     0x000000         0x2e build/default/production/mcc_generated_files/interrupt_manager.o
 .debug_frame     0x00002e         0x2e build/default/production/mcc_generated_files/pin_manager.o
 .debug_frame     0x00005c         0x2e build/default/production/mcc_generated_files/clock.o
 .debug_frame     0x00008a        0x140 build/default/production/mcc_generated_files/traps.o
 .debug_frame     0x0001ca         0x2e build/default/production/mcc_generated_files/system.o
 .debug_frame     0x0001f8         0xfe build/default/production/mcc_generated_files/adc1.o
 .debug_frame     0x0002f6         0xe8 build/default/production/main.o
 .debug_frame     0x0003de         0xca build/default/production/mcc_generated_files/cmp1.o
 .debug_frame     0x0004a8        0x18a build/default/production/mcc_generated_files/tmr2.o
 .debug_frame     0x000632        0x254 build/default/production/mcc_generated_files/drivers/timeout.o
 .debug_frame     0x000886        0x18a build/default/production/mcc_generated_files/tmr1.o

.debug_str        0x000000        0x1db
 *(.debug_str)
 .debug_str       0x000000         0x12 build/default/production/mcc_generated_files/interrupt_manager.o
 .debug_str       0x000012          0xc build/default/production/mcc_generated_files/traps.o
 .debug_str       0x00001e         0x17 build/default/production/mcc_generated_files/system.o
 .debug_str       0x000035         0x2a build/default/production/mcc_generated_files/adc1.o
 .debug_str       0x00005f         0x8b build/default/production/main.o
 .debug_str       0x0000ea         0x14 build/default/production/mcc_generated_files/cmp1.o
 .debug_str       0x0000fe         0x32 build/default/production/mcc_generated_files/tmr2.o
 .debug_str       0x000130         0x79 build/default/production/mcc_generated_files/drivers/timeout.o
 .debug_str       0x0001a9         0x32 build/default/production/mcc_generated_files/tmr1.o

.debug_loc
 *(.debug_loc)

.debug_macinfo
 *(.debug_macinfo)

.debug_pubnames
                  0x000000        0x891
 *(.debug_pubnames)
 .debug_pubnames
                  0x000000         0x2b build/default/production/mcc_generated_files/interrupt_manager.o
 .debug_pubnames
                  0x00002b         0x2d build/default/production/mcc_generated_files/pin_manager.o
 .debug_pubnames
                  0x000058         0x27 build/default/production/mcc_generated_files/clock.o
 .debug_pubnames
                  0x00007f         0x6f build/default/production/mcc_generated_files/traps.o
 .debug_pubnames
                  0x0000ee         0x28 build/default/production/mcc_generated_files/system.o
 .debug_pubnames
                  0x000116         0xde build/default/production/mcc_generated_files/adc1.o
 .debug_pubnames
                  0x0001f4        0x114 build/default/production/main.o
 .debug_pubnames
                  0x000308         0x92 build/default/production/mcc_generated_files/cmp1.o
 .debug_pubnames
                  0x00039a        0x156 build/default/production/mcc_generated_files/tmr2.o
 .debug_pubnames
                  0x0004f0        0x24b build/default/production/mcc_generated_files/drivers/timeout.o
 .debug_pubnames
                  0x00073b        0x156 build/default/production/mcc_generated_files/tmr1.o

.debug_ranges
 *(.debug_ranges)

.debug_aranges    0x000000        0x108
 *(.debug_aranges)
 .debug_aranges
                  0x000000         0x18 build/default/production/mcc_generated_files/interrupt_manager.o
 .debug_aranges
                  0x000018         0x18 build/default/production/mcc_generated_files/pin_manager.o
 .debug_aranges
                  0x000030         0x18 build/default/production/mcc_generated_files/clock.o
 .debug_aranges
                  0x000048         0x18 build/default/production/mcc_generated_files/traps.o
 .debug_aranges
                  0x000060         0x18 build/default/production/mcc_generated_files/system.o
 .debug_aranges
                  0x000078         0x18 build/default/production/mcc_generated_files/adc1.o
 .debug_aranges
                  0x000090         0x18 build/default/production/main.o
 .debug_aranges
                  0x0000a8         0x18 build/default/production/mcc_generated_files/cmp1.o
 .debug_aranges
                  0x0000c0         0x18 build/default/production/mcc_generated_files/tmr2.o
 .debug_aranges
                  0x0000d8         0x18 build/default/production/mcc_generated_files/drivers/timeout.o
 .debug_aranges
                  0x0000f0         0x18 build/default/production/mcc_generated_files/tmr1.o
                    0x0000                  WREG0 = 0x0
                    0x0000                  _WREG0 = 0x0
                    0x0002                  WREG1 = 0x2
                    0x0002                  _WREG1 = 0x2
                    0x0004                  WREG2 = 0x4
                    0x0004                  _WREG2 = 0x4
                    0x0006                  WREG3 = 0x6
                    0x0006                  _WREG3 = 0x6
                    0x0008                  WREG4 = 0x8
                    0x0008                  _WREG4 = 0x8
                    0x000a                  WREG5 = 0xa
                    0x000a                  _WREG5 = 0xa
                    0x000c                  WREG6 = 0xc
                    0x000c                  _WREG6 = 0xc
                    0x000e                  WREG7 = 0xe
                    0x000e                  _WREG7 = 0xe
                    0x0010                  WREG8 = 0x10
                    0x0010                  _WREG8 = 0x10
                    0x0012                  WREG9 = 0x12
                    0x0012                  _WREG9 = 0x12
                    0x0014                  WREG10 = 0x14
                    0x0014                  _WREG10 = 0x14
                    0x0016                  WREG11 = 0x16
                    0x0016                  _WREG11 = 0x16
                    0x0018                  WREG12 = 0x18
                    0x0018                  _WREG12 = 0x18
                    0x001a                  WREG13 = 0x1a
                    0x001a                  _WREG13 = 0x1a
                    0x001c                  WREG14 = 0x1c
                    0x001c                  _WREG14 = 0x1c
                    0x001e                  WREG15 = 0x1e
                    0x001e                  _WREG15 = 0x1e
                    0x0020                  SPLIM = 0x20
                    0x0020                  _SPLIM = 0x20
                    0x002e                  PCL = 0x2e
                    0x002e                  _PCL = 0x2e
                    0x0030                  PCH = 0x30
                    0x0030                  _PCH = 0x30
                    0x0032                  TBLPAG = 0x32
                    0x0032                  _TBLPAG = 0x32
                    0x0034                  PSVPAG = 0x34
                    0x0034                  _PSVPAG = 0x34
                    0x0036                  RCOUNT = 0x36
                    0x0036                  _RCOUNT = 0x36
                    0x0042                  SR = 0x42
                    0x0042                  _SR = 0x42
                    0x0042                  _SRbits = 0x42
                    0x0044                  CORCON = 0x44
                    0x0044                  _CORCON = 0x44
                    0x0044                  _CORCONbits = 0x44
                    0x0052                  DISICNT = 0x52
                    0x0052                  _DISICNT = 0x52
                    0x0060                  CNEN1 = 0x60
                    0x0060                  _CNEN1 = 0x60
                    0x0060                  _CNEN1bits = 0x60
                    0x0062                  CNEN2 = 0x62
                    0x0062                  _CNEN2 = 0x62
                    0x0062                  _CNEN2bits = 0x62
                    0x0068                  CNPU1 = 0x68
                    0x0068                  _CNPU1 = 0x68
                    0x0068                  _CNPU1bits = 0x68
                    0x006a                  CNPU2 = 0x6a
                    0x006a                  _CNPU2 = 0x6a
                    0x006a                  _CNPU2bits = 0x6a
                    0x0080                  INTCON1 = 0x80
                    0x0080                  _INTCON1 = 0x80
                    0x0080                  _INTCON1bits = 0x80
                    0x0082                  INTCON2 = 0x82
                    0x0082                  _INTCON2 = 0x82
                    0x0082                  _INTCON2bits = 0x82
                    0x0084                  IFS0 = 0x84
                    0x0084                  _IFS0 = 0x84
                    0x0084                  _IFS0bits = 0x84
                    0x0086                  IFS1 = 0x86
                    0x0086                  _IFS1 = 0x86
                    0x0086                  _IFS1bits = 0x86
                    0x0088                  IFS2 = 0x88
                    0x0088                  _IFS2 = 0x88
                    0x0088                  _IFS2bits = 0x88
                    0x008a                  IFS3 = 0x8a
                    0x008a                  _IFS3 = 0x8a
                    0x008a                  _IFS3bits = 0x8a
                    0x008c                  IFS4 = 0x8c
                    0x008c                  _IFS4 = 0x8c
                    0x008c                  _IFS4bits = 0x8c
                    0x008e                  IFS5 = 0x8e
                    0x008e                  _IFS5 = 0x8e
                    0x008e                  _IFS5bits = 0x8e
                    0x0094                  IEC0 = 0x94
                    0x0094                  _IEC0 = 0x94
                    0x0094                  _IEC0bits = 0x94
                    0x0096                  IEC1 = 0x96
                    0x0096                  _IEC1 = 0x96
                    0x0096                  _IEC1bits = 0x96
                    0x0098                  IEC2 = 0x98
                    0x0098                  _IEC2 = 0x98
                    0x0098                  _IEC2bits = 0x98
                    0x009a                  IEC3 = 0x9a
                    0x009a                  _IEC3 = 0x9a
                    0x009a                  _IEC3bits = 0x9a
                    0x009c                  IEC4 = 0x9c
                    0x009c                  _IEC4 = 0x9c
                    0x009c                  _IEC4bits = 0x9c
                    0x009e                  IEC5 = 0x9e
                    0x009e                  _IEC5 = 0x9e
                    0x009e                  _IEC5bits = 0x9e
                    0x00a4                  IPC0 = 0xa4
                    0x00a4                  _IPC0 = 0xa4
                    0x00a4                  _IPC0bits = 0xa4
                    0x00a6                  IPC1 = 0xa6
                    0x00a6                  _IPC1 = 0xa6
                    0x00a6                  _IPC1bits = 0xa6
                    0x00a8                  IPC2 = 0xa8
                    0x00a8                  _IPC2 = 0xa8
                    0x00a8                  _IPC2bits = 0xa8
                    0x00aa                  IPC3 = 0xaa
                    0x00aa                  _IPC3 = 0xaa
                    0x00aa                  _IPC3bits = 0xaa
                    0x00ac                  IPC4 = 0xac
                    0x00ac                  _IPC4 = 0xac
                    0x00ac                  _IPC4bits = 0xac
                    0x00ae                  IPC5 = 0xae
                    0x00ae                  _IPC5 = 0xae
                    0x00ae                  _IPC5bits = 0xae
                    0x00b0                  IPC6 = 0xb0
                    0x00b0                  _IPC6 = 0xb0
                    0x00b0                  _IPC6bits = 0xb0
                    0x00b2                  IPC7 = 0xb2
                    0x00b2                  _IPC7 = 0xb2
                    0x00b2                  _IPC7bits = 0xb2
                    0x00b4                  IPC8 = 0xb4
                    0x00b4                  _IPC8 = 0xb4
                    0x00b4                  _IPC8bits = 0xb4
                    0x00b6                  IPC9 = 0xb6
                    0x00b6                  _IPC9 = 0xb6
                    0x00b6                  _IPC9bits = 0xb6
                    0x00b8                  IPC10 = 0xb8
                    0x00b8                  _IPC10 = 0xb8
                    0x00b8                  _IPC10bits = 0xb8
                    0x00ba                  IPC11 = 0xba
                    0x00ba                  _IPC11 = 0xba
                    0x00ba                  _IPC11bits = 0xba
                    0x00bc                  IPC12 = 0xbc
                    0x00bc                  _IPC12 = 0xbc
                    0x00bc                  _IPC12bits = 0xbc
                    0x00c2                  IPC15 = 0xc2
                    0x00c2                  _IPC15 = 0xc2
                    0x00c2                  _IPC15bits = 0xc2
                    0x00c4                  IPC16 = 0xc4
                    0x00c4                  _IPC16 = 0xc4
                    0x00c4                  _IPC16bits = 0xc4
                    0x00c8                  IPC18 = 0xc8
                    0x00c8                  _IPC18 = 0xc8
                    0x00c8                  _IPC18bits = 0xc8
                    0x00ca                  IPC19 = 0xca
                    0x00ca                  _IPC19 = 0xca
                    0x00ca                  _IPC19bits = 0xca
                    0x00ce                  IPC21 = 0xce
                    0x00ce                  _IPC21 = 0xce
                    0x00ce                  _IPC21bits = 0xce
                    0x00e0                  INTTREG = 0xe0
                    0x00e0                  _INTTREG = 0xe0
                    0x00e0                  _INTTREGbits = 0xe0
                    0x0100                  TMR1 = 0x100
                    0x0100                  _TMR1 = 0x100
                    0x0102                  PR1 = 0x102
                    0x0102                  _PR1 = 0x102
                    0x0104                  T1CON = 0x104
                    0x0104                  _T1CON = 0x104
                    0x0104                  _T1CONbits = 0x104
                    0x0106                  TMR2 = 0x106
                    0x0106                  _TMR2 = 0x106
                    0x0108                  TMR3HLD = 0x108
                    0x0108                  _TMR3HLD = 0x108
                    0x010a                  TMR3 = 0x10a
                    0x010a                  _TMR3 = 0x10a
                    0x010c                  PR2 = 0x10c
                    0x010c                  _PR2 = 0x10c
                    0x010e                  PR3 = 0x10e
                    0x010e                  _PR3 = 0x10e
                    0x0110                  T2CON = 0x110
                    0x0110                  _T2CON = 0x110
                    0x0110                  _T2CONbits = 0x110
                    0x0112                  T3CON = 0x112
                    0x0112                  _T3CON = 0x112
                    0x0112                  _T3CONbits = 0x112
                    0x0114                  TMR4 = 0x114
                    0x0114                  _TMR4 = 0x114
                    0x0116                  TMR5HLD = 0x116
                    0x0116                  _TMR5HLD = 0x116
                    0x0118                  TMR5 = 0x118
                    0x0118                  _TMR5 = 0x118
                    0x011a                  PR4 = 0x11a
                    0x011a                  _PR4 = 0x11a
                    0x011c                  PR5 = 0x11c
                    0x011c                  _PR5 = 0x11c
                    0x011e                  T4CON = 0x11e
                    0x011e                  _T4CON = 0x11e
                    0x011e                  _T4CONbits = 0x11e
                    0x0120                  T5CON = 0x120
                    0x0120                  _T5CON = 0x120
                    0x0120                  _T5CONbits = 0x120
                    0x0140                  IC1CON1 = 0x140
                    0x0140                  _IC1CON1 = 0x140
                    0x0140                  _IC1CON1bits = 0x140
                    0x0142                  IC1CON2 = 0x142
                    0x0142                  _IC1CON2 = 0x142
                    0x0142                  _IC1CON2bits = 0x142
                    0x0144                  IC1BUF = 0x144
                    0x0144                  _IC1BUF = 0x144
                    0x0146                  IC1TMR = 0x146
                    0x0146                  _IC1TMR = 0x146
                    0x0148                  IC2CON1 = 0x148
                    0x0148                  _IC2CON1 = 0x148
                    0x0148                  _IC2CON1bits = 0x148
                    0x014a                  IC2CON2 = 0x14a
                    0x014a                  _IC2CON2 = 0x14a
                    0x014a                  _IC2CON2bits = 0x14a
                    0x014c                  IC2BUF = 0x14c
                    0x014c                  _IC2BUF = 0x14c
                    0x014e                  IC2TMR = 0x14e
                    0x014e                  _IC2TMR = 0x14e
                    0x0150                  IC3CON1 = 0x150
                    0x0150                  _IC3CON1 = 0x150
                    0x0150                  _IC3CON1bits = 0x150
                    0x0152                  IC3CON2 = 0x152
                    0x0152                  _IC3CON2 = 0x152
                    0x0152                  _IC3CON2bits = 0x152
                    0x0154                  IC3BUF = 0x154
                    0x0154                  _IC3BUF = 0x154
                    0x0156                  IC3TMR = 0x156
                    0x0156                  _IC3TMR = 0x156
                    0x0158                  IC4CON1 = 0x158
                    0x0158                  _IC4CON1 = 0x158
                    0x0158                  _IC4CON1bits = 0x158
                    0x015a                  IC4CON2 = 0x15a
                    0x015a                  _IC4CON2 = 0x15a
                    0x015a                  _IC4CON2bits = 0x15a
                    0x015c                  IC4BUF = 0x15c
                    0x015c                  _IC4BUF = 0x15c
                    0x015e                  IC4TMR = 0x15e
                    0x015e                  _IC4TMR = 0x15e
                    0x0160                  IC5CON1 = 0x160
                    0x0160                  _IC5CON1 = 0x160
                    0x0160                  _IC5CON1bits = 0x160
                    0x0162                  IC5CON2 = 0x162
                    0x0162                  _IC5CON2 = 0x162
                    0x0162                  _IC5CON2bits = 0x162
                    0x0164                  IC5BUF = 0x164
                    0x0164                  _IC5BUF = 0x164
                    0x0166                  IC5TMR = 0x166
                    0x0166                  _IC5TMR = 0x166
                    0x0190                  OC1CON1 = 0x190
                    0x0190                  _OC1CON1 = 0x190
                    0x0190                  _OC1CON1bits = 0x190
                    0x0192                  OC1CON2 = 0x192
                    0x0192                  _OC1CON2 = 0x192
                    0x0192                  _OC1CON2bits = 0x192
                    0x0194                  OC1RS = 0x194
                    0x0194                  _OC1RS = 0x194
                    0x0196                  OC1R = 0x196
                    0x0196                  _OC1R = 0x196
                    0x0198                  OC1TMR = 0x198
                    0x0198                  _OC1TMR = 0x198
                    0x019a                  OC2CON1 = 0x19a
                    0x019a                  _OC2CON1 = 0x19a
                    0x019a                  _OC2CON1bits = 0x19a
                    0x019c                  OC2CON2 = 0x19c
                    0x019c                  _OC2CON2 = 0x19c
                    0x019c                  _OC2CON2bits = 0x19c
                    0x019e                  OC2RS = 0x19e
                    0x019e                  _OC2RS = 0x19e
                    0x01a0                  OC2R = 0x1a0
                    0x01a0                  _OC2R = 0x1a0
                    0x01a2                  OC2TMR = 0x1a2
                    0x01a2                  _OC2TMR = 0x1a2
                    0x01a4                  OC3CON1 = 0x1a4
                    0x01a4                  _OC3CON1 = 0x1a4
                    0x01a4                  _OC3CON1bits = 0x1a4
                    0x01a6                  OC3CON2 = 0x1a6
                    0x01a6                  _OC3CON2 = 0x1a6
                    0x01a6                  _OC3CON2bits = 0x1a6
                    0x01a8                  OC3RS = 0x1a8
                    0x01a8                  _OC3RS = 0x1a8
                    0x01aa                  OC3R = 0x1aa
                    0x01aa                  _OC3R = 0x1aa
                    0x01ac                  OC3TMR = 0x1ac
                    0x01ac                  _OC3TMR = 0x1ac
                    0x01ae                  OC4CON1 = 0x1ae
                    0x01ae                  _OC4CON1 = 0x1ae
                    0x01ae                  _OC4CON1bits = 0x1ae
                    0x01b0                  OC4CON2 = 0x1b0
                    0x01b0                  _OC4CON2 = 0x1b0
                    0x01b0                  _OC4CON2bits = 0x1b0
                    0x01b2                  OC4RS = 0x1b2
                    0x01b2                  _OC4RS = 0x1b2
                    0x01b4                  OC4R = 0x1b4
                    0x01b4                  _OC4R = 0x1b4
                    0x01b6                  OC4TMR = 0x1b6
                    0x01b6                  _OC4TMR = 0x1b6
                    0x01b8                  OC5CON1 = 0x1b8
                    0x01b8                  _OC5CON1 = 0x1b8
                    0x01b8                  _OC5CON1bits = 0x1b8
                    0x01ba                  OC5CON2 = 0x1ba
                    0x01ba                  _OC5CON2 = 0x1ba
                    0x01ba                  _OC5CON2bits = 0x1ba
                    0x01bc                  OC5RS = 0x1bc
                    0x01bc                  _OC5RS = 0x1bc
                    0x01be                  OC5R = 0x1be
                    0x01be                  _OC5R = 0x1be
                    0x01c0                  OC5TMR = 0x1c0
                    0x01c0                  _OC5TMR = 0x1c0
                    0x0200                  I2C1RCV = 0x200
                    0x0200                  _I2C1RCV = 0x200
                    0x0202                  I2C1TRN = 0x202
                    0x0202                  _I2C1TRN = 0x202
                    0x0204                  I2C1BRG = 0x204
                    0x0204                  _I2C1BRG = 0x204
                    0x0206                  I2C1CON = 0x206
                    0x0206                  _I2C1CON = 0x206
                    0x0206                  _I2C1CONbits = 0x206
                    0x0208                  I2C1STAT = 0x208
                    0x0208                  _I2C1STAT = 0x208
                    0x0208                  _I2C1STATbits = 0x208
                    0x020a                  I2C1ADD = 0x20a
                    0x020a                  _I2C1ADD = 0x20a
                    0x020c                  I2C1MSK = 0x20c
                    0x020c                  _I2C1MSK = 0x20c
                    0x0210                  I2C2RCV = 0x210
                    0x0210                  _I2C2RCV = 0x210
                    0x0212                  I2C2TRN = 0x212
                    0x0212                  _I2C2TRN = 0x212
                    0x0214                  I2C2BRG = 0x214
                    0x0214                  _I2C2BRG = 0x214
                    0x0216                  I2C2CON = 0x216
                    0x0216                  _I2C2CON = 0x216
                    0x0216                  _I2C2CONbits = 0x216
                    0x0218                  I2C2STAT = 0x218
                    0x0218                  _I2C2STAT = 0x218
                    0x0218                  _I2C2STATbits = 0x218
                    0x021a                  I2C2ADD = 0x21a
                    0x021a                  _I2C2ADD = 0x21a
                    0x021c                  I2C2MSK = 0x21c
                    0x021c                  _I2C2MSK = 0x21c
                    0x0220                  U1MODE = 0x220
                    0x0220                  _U1MODE = 0x220
                    0x0220                  _U1MODEbits = 0x220
                    0x0222                  U1STA = 0x222
                    0x0222                  _U1STA = 0x222
                    0x0222                  _U1STAbits = 0x222
                    0x0224                  U1TXREG = 0x224
                    0x0224                  _U1TXREG = 0x224
                    0x0224                  _U1TXREGbits = 0x224
                    0x0226                  U1RXREG = 0x226
                    0x0226                  _U1RXREG = 0x226
                    0x0226                  _U1RXREGbits = 0x226
                    0x0228                  U1BRG = 0x228
                    0x0228                  _U1BRG = 0x228
                    0x0230                  U2MODE = 0x230
                    0x0230                  _U2MODE = 0x230
                    0x0230                  _U2MODEbits = 0x230
                    0x0232                  U2STA = 0x232
                    0x0232                  _U2STA = 0x232
                    0x0232                  _U2STAbits = 0x232
                    0x0234                  U2TXREG = 0x234
                    0x0234                  _U2TXREG = 0x234
                    0x0234                  _U2TXREGbits = 0x234
                    0x0236                  U2RXREG = 0x236
                    0x0236                  _U2RXREG = 0x236
                    0x0236                  _U2RXREGbits = 0x236
                    0x0238                  U2BRG = 0x238
                    0x0238                  _U2BRG = 0x238
                    0x0240                  SPI1STAT = 0x240
                    0x0240                  _SPI1STAT = 0x240
                    0x0240                  _SPI1STATbits = 0x240
                    0x0242                  SPI1CON1 = 0x242
                    0x0242                  _SPI1CON1 = 0x242
                    0x0242                  _SPI1CON1bits = 0x242
                    0x0244                  SPI1CON2 = 0x244
                    0x0244                  _SPI1CON2 = 0x244
                    0x0244                  _SPI1CON2bits = 0x244
                    0x0248                  SPI1BUF = 0x248
                    0x0248                  _SPI1BUF = 0x248
                    0x0260                  SPI2STAT = 0x260
                    0x0260                  _SPI2STAT = 0x260
                    0x0260                  _SPI2STATbits = 0x260
                    0x0262                  SPI2CON1 = 0x262
                    0x0262                  _SPI2CON1 = 0x262
                    0x0262                  _SPI2CON1bits = 0x262
                    0x0264                  SPI2CON2 = 0x264
                    0x0264                  _SPI2CON2 = 0x264
                    0x0264                  _SPI2CON2bits = 0x264
                    0x0268                  SPI2BUF = 0x268
                    0x0268                  _SPI2BUF = 0x268
                    0x02c0                  TRISA = 0x2c0
                    0x02c0                  _TRISA = 0x2c0
                    0x02c0                  _TRISAbits = 0x2c0
                    0x02c2                  PORTA = 0x2c2
                    0x02c2                  _PORTA = 0x2c2
                    0x02c2                  _PORTAbits = 0x2c2
                    0x02c4                  LATA = 0x2c4
                    0x02c4                  _LATA = 0x2c4
                    0x02c4                  _LATAbits = 0x2c4
                    0x02c6                  ODCA = 0x2c6
                    0x02c6                  _ODCA = 0x2c6
                    0x02c6                  _ODCAbits = 0x2c6
                    0x02c8                  TRISB = 0x2c8
                    0x02c8                  _TRISB = 0x2c8
                    0x02c8                  _TRISBbits = 0x2c8
                    0x02ca                  PORTB = 0x2ca
                    0x02ca                  _PORTB = 0x2ca
                    0x02ca                  _PORTBbits = 0x2ca
                    0x02cc                  LATB = 0x2cc
                    0x02cc                  _LATB = 0x2cc
                    0x02cc                  _LATBbits = 0x2cc
                    0x02ce                  ODCB = 0x2ce
                    0x02ce                  _ODCB = 0x2ce
                    0x02ce                  _ODCBbits = 0x2ce
                    0x02fc                  PADCFG1 = 0x2fc
                    0x02fc                  _PADCFG1 = 0x2fc
                    0x02fc                  _PADCFG1bits = 0x2fc
                    0x0300                  ADC1BUF0 = 0x300
                    0x0300                  _ADC1BUF0 = 0x300
                    0x0302                  ADC1BUF1 = 0x302
                    0x0302                  _ADC1BUF1 = 0x302
                    0x0304                  ADC1BUF2 = 0x304
                    0x0304                  _ADC1BUF2 = 0x304
                    0x0306                  ADC1BUF3 = 0x306
                    0x0306                  _ADC1BUF3 = 0x306
                    0x0308                  ADC1BUF4 = 0x308
                    0x0308                  _ADC1BUF4 = 0x308
                    0x030a                  ADC1BUF5 = 0x30a
                    0x030a                  _ADC1BUF5 = 0x30a
                    0x030c                  ADC1BUF6 = 0x30c
                    0x030c                  _ADC1BUF6 = 0x30c
                    0x030e                  ADC1BUF7 = 0x30e
                    0x030e                  _ADC1BUF7 = 0x30e
                    0x0310                  ADC1BUF8 = 0x310
                    0x0310                  _ADC1BUF8 = 0x310
                    0x0312                  ADC1BUF9 = 0x312
                    0x0312                  _ADC1BUF9 = 0x312
                    0x0314                  ADC1BUFA = 0x314
                    0x0314                  _ADC1BUFA = 0x314
                    0x0316                  ADC1BUFB = 0x316
                    0x0316                  _ADC1BUFB = 0x316
                    0x0318                  ADC1BUFC = 0x318
                    0x0318                  _ADC1BUFC = 0x318
                    0x031a                  ADC1BUFD = 0x31a
                    0x031a                  _ADC1BUFD = 0x31a
                    0x031c                  ADC1BUFE = 0x31c
                    0x031c                  _ADC1BUFE = 0x31c
                    0x031e                  ADC1BUFF = 0x31e
                    0x031e                  _ADC1BUFF = 0x31e
                    0x0320                  AD1CON1 = 0x320
                    0x0320                  _AD1CON1 = 0x320
                    0x0320                  _AD1CON1bits = 0x320
                    0x0322                  AD1CON2 = 0x322
                    0x0322                  _AD1CON2 = 0x322
                    0x0322                  _AD1CON2bits = 0x322
                    0x0324                  AD1CON3 = 0x324
                    0x0324                  _AD1CON3 = 0x324
                    0x0324                  _AD1CON3bits = 0x324
                    0x0328                  AD1CHS = 0x328
                    0x0328                  _AD1CHS = 0x328
                    0x0328                  _AD1CHSbits = 0x328
                    0x0328                  AD1CHS0 = 0x328
                    0x0328                  _AD1CHS0 = 0x328
                    0x0328                  _AD1CHS0bits = 0x328
                    0x032c                  AD1PCFG = 0x32c
                    0x032c                  _AD1PCFG = 0x32c
                    0x032c                  _AD1PCFGbits = 0x32c
                    0x032c                  AD1PCFGL = 0x32c
                    0x032c                  _AD1PCFGL = 0x32c
                    0x032c                  _AD1PCFGLbits = 0x32c
                    0x0330                  AD1CSSL = 0x330
                    0x0330                  _AD1CSSL = 0x330
                    0x0330                  _AD1CSSLbits = 0x330
                    0x033c                  CTMUCON = 0x33c
                    0x033c                  _CTMUCON = 0x33c
                    0x033c                  _CTMUCONbits = 0x33c
                    0x033e                  CTMUICON = 0x33e
                    0x033e                  _CTMUICON = 0x33e
                    0x033e                  _CTMUICONbits = 0x33e
                    0x0480                  U1OTGIR = 0x480
                    0x0480                  _U1OTGIR = 0x480
                    0x0480                  _U1OTGIRbits = 0x480
                    0x0482                  U1OTGIE = 0x482
                    0x0482                  _U1OTGIE = 0x482
                    0x0482                  _U1OTGIEbits = 0x482
                    0x0484                  U1OTGSTAT = 0x484
                    0x0484                  _U1OTGSTAT = 0x484
                    0x0484                  _U1OTGSTATbits = 0x484
                    0x0486                  U1OTGCON = 0x486
                    0x0486                  _U1OTGCON = 0x486
                    0x0486                  _U1OTGCONbits = 0x486
                    0x0488                  U1PWRC = 0x488
                    0x0488                  _U1PWRC = 0x488
                    0x0488                  _U1PWRCbits = 0x488
                    0x048a                  U1IR = 0x48a
                    0x048a                  _U1IR = 0x48a
                    0x048a                  _U1IRbits = 0x48a
                    0x048c                  U1IE = 0x48c
                    0x048c                  _U1IE = 0x48c
                    0x048c                  _U1IEbits = 0x48c
                    0x048e                  U1EIR = 0x48e
                    0x048e                  _U1EIR = 0x48e
                    0x048e                  _U1EIRbits = 0x48e
                    0x0490                  U1EIE = 0x490
                    0x0490                  _U1EIE = 0x490
                    0x0490                  _U1EIEbits = 0x490
                    0x0492                  U1STAT = 0x492
                    0x0492                  _U1STAT = 0x492
                    0x0492                  _U1STATbits = 0x492
                    0x0494                  U1CON = 0x494
                    0x0494                  _U1CON = 0x494
                    0x0494                  _U1CONbits = 0x494
                    0x0496                  U1ADDR = 0x496
                    0x0496                  _U1ADDR = 0x496
                    0x0496                  _U1ADDRbits = 0x496
                    0x0498                  U1BDTP1 = 0x498
                    0x0498                  _U1BDTP1 = 0x498
                    0x0498                  _U1BDTP1bits = 0x498
                    0x049a                  U1FRML = 0x49a
                    0x049a                  _U1FRML = 0x49a
                    0x049a                  _U1FRMLbits = 0x49a
                    0x049c                  U1FRMH = 0x49c
                    0x049c                  _U1FRMH = 0x49c
                    0x049c                  _U1FRMHbits = 0x49c
                    0x049e                  U1TOK = 0x49e
                    0x049e                  _U1TOK = 0x49e
                    0x049e                  _U1TOKbits = 0x49e
                    0x04a0                  U1SOF = 0x4a0
                    0x04a0                  _U1SOF = 0x4a0
                    0x04a0                  _U1SOFbits = 0x4a0
                    0x04a6                  U1CNFG1 = 0x4a6
                    0x04a6                  _U1CNFG1 = 0x4a6
                    0x04a6                  _U1CNFG1bits = 0x4a6
                    0x04a8                  U1CNFG2 = 0x4a8
                    0x04a8                  _U1CNFG2 = 0x4a8
                    0x04a8                  _U1CNFG2bits = 0x4a8
                    0x04aa                  U1EP0 = 0x4aa
                    0x04aa                  _U1EP0 = 0x4aa
                    0x04aa                  _U1EP0bits = 0x4aa
                    0x04ac                  U1EP1 = 0x4ac
                    0x04ac                  _U1EP1 = 0x4ac
                    0x04ac                  _U1EP1bits = 0x4ac
                    0x04ae                  U1EP2 = 0x4ae
                    0x04ae                  _U1EP2 = 0x4ae
                    0x04ae                  _U1EP2bits = 0x4ae
                    0x04b0                  U1EP3 = 0x4b0
                    0x04b0                  _U1EP3 = 0x4b0
                    0x04b0                  _U1EP3bits = 0x4b0
                    0x04b2                  U1EP4 = 0x4b2
                    0x04b2                  _U1EP4 = 0x4b2
                    0x04b2                  _U1EP4bits = 0x4b2
                    0x04b4                  U1EP5 = 0x4b4
                    0x04b4                  _U1EP5 = 0x4b4
                    0x04b4                  _U1EP5bits = 0x4b4
                    0x04b6                  U1EP6 = 0x4b6
                    0x04b6                  _U1EP6 = 0x4b6
                    0x04b6                  _U1EP6bits = 0x4b6
                    0x04b8                  U1EP7 = 0x4b8
                    0x04b8                  _U1EP7 = 0x4b8
                    0x04b8                  _U1EP7bits = 0x4b8
                    0x04ba                  U1EP8 = 0x4ba
                    0x04ba                  _U1EP8 = 0x4ba
                    0x04ba                  _U1EP8bits = 0x4ba
                    0x04bc                  U1EP9 = 0x4bc
                    0x04bc                  _U1EP9 = 0x4bc
                    0x04bc                  _U1EP9bits = 0x4bc
                    0x04be                  U1EP10 = 0x4be
                    0x04be                  _U1EP10 = 0x4be
                    0x04be                  _U1EP10bits = 0x4be
                    0x04c0                  U1EP11 = 0x4c0
                    0x04c0                  _U1EP11 = 0x4c0
                    0x04c0                  _U1EP11bits = 0x4c0
                    0x04c2                  U1EP12 = 0x4c2
                    0x04c2                  _U1EP12 = 0x4c2
                    0x04c2                  _U1EP12bits = 0x4c2
                    0x04c4                  U1EP13 = 0x4c4
                    0x04c4                  _U1EP13 = 0x4c4
                    0x04c4                  _U1EP13bits = 0x4c4
                    0x04c6                  U1EP14 = 0x4c6
                    0x04c6                  _U1EP14 = 0x4c6
                    0x04c6                  _U1EP14bits = 0x4c6
                    0x04c8                  U1EP15 = 0x4c8
                    0x04c8                  _U1EP15 = 0x4c8
                    0x04c8                  _U1EP15bits = 0x4c8
                    0x04cc                  U1PWMRRS = 0x4cc
                    0x04cc                  _U1PWMRRS = 0x4cc
                    0x04cc                  _U1PWMRRSbits = 0x4cc
                    0x04ce                  U1PWMCON = 0x4ce
                    0x04ce                  _U1PWMCON = 0x4ce
                    0x04ce                  _U1PWMCONbits = 0x4ce
                    0x0600                  PMCON = 0x600
                    0x0600                  _PMCON = 0x600
                    0x0600                  _PMCONbits = 0x600
                    0x0602                  PMMODE = 0x602
                    0x0602                  _PMMODE = 0x602
                    0x0602                  _PMMODEbits = 0x602
                    0x0604                  PMADDR = 0x604
                    0x0604                  _PMADDR = 0x604
                    0x0604                  _PMADDRbits = 0x604
                    0x0604                  PMDOUT1 = 0x604
                    0x0604                  _PMDOUT1 = 0x604
                    0x0604                  _PMDOUT1bits = 0x604
                    0x0606                  PMDOUT2 = 0x606
                    0x0606                  _PMDOUT2 = 0x606
                    0x0608                  PMDIN1 = 0x608
                    0x0608                  _PMDIN1 = 0x608
                    0x060a                  PMDIN2 = 0x60a
                    0x060a                  _PMDIN2 = 0x60a
                    0x060c                  PMAEN = 0x60c
                    0x060c                  _PMAEN = 0x60c
                    0x060c                  _PMAENbits = 0x60c
                    0x060e                  PMSTAT = 0x60e
                    0x060e                  _PMSTAT = 0x60e
                    0x060e                  _PMSTATbits = 0x60e
                    0x0620                  ALRMVAL = 0x620
                    0x0620                  _ALRMVAL = 0x620
                    0x0622                  ALCFGRPT = 0x622
                    0x0622                  _ALCFGRPT = 0x622
                    0x0622                  _ALCFGRPTbits = 0x622
                    0x0624                  RTCVAL = 0x624
                    0x0624                  _RTCVAL = 0x624
                    0x0626                  RCFGCAL = 0x626
                    0x0626                  _RCFGCAL = 0x626
                    0x0626                  _RCFGCALbits = 0x626
                    0x0640                  CRCCON = 0x640
                    0x0640                  _CRCCON = 0x640
                    0x0640                  _CRCCONbits = 0x640
                    0x0640                  CRCCON1 = 0x640
                    0x0640                  _CRCCON1 = 0x640
                    0x0640                  _CRCCON1bits = 0x640
                    0x0642                  CRCCON2 = 0x642
                    0x0642                  _CRCCON2 = 0x642
                    0x0642                  _CRCCON2bits = 0x642
                    0x0644                  CRCXOR = 0x644
                    0x0644                  _CRCXOR = 0x644
                    0x0644                  _CRCXORbits = 0x644
                    0x0644                  CRCXORL = 0x644
                    0x0644                  _CRCXORL = 0x644
                    0x0644                  _CRCXORLbits = 0x644
                    0x0646                  CRCXORH = 0x646
                    0x0646                  _CRCXORH = 0x646
                    0x0646                  _CRCXORHbits = 0x646
                    0x0648                  CRCDAT = 0x648
                    0x0648                  _CRCDAT = 0x648
                    0x0648                  CRCDAT32 = 0x648
                    0x0648                  _CRCDAT32 = 0x648
                    0x0648                  CRCDAT8 = 0x648
                    0x0648                  _CRCDAT8 = 0x648
                    0x0648                  CRCDATL = 0x648
                    0x0648                  _CRCDATL = 0x648
                    0x064a                  CRCDATH = 0x64a
                    0x064a                  _CRCDATH = 0x64a
                    0x064c                  CRCWDAT = 0x64c
                    0x064c                  _CRCWDAT = 0x64c
                    0x064c                  CRCWDATL = 0x64c
                    0x064c                  _CRCWDATL = 0x64c
                    0x064e                  CRCWDATH = 0x64e
                    0x064e                  _CRCWDATH = 0x64e
                    0x0650                  CMSTAT = 0x650
                    0x0650                  _CMSTAT = 0x650
                    0x0650                  _CMSTATbits = 0x650
                    0x0652                  CVRCON = 0x652
                    0x0652                  _CVRCON = 0x652
                    0x0652                  _CVRCONbits = 0x652
                    0x0654                  CM1CON = 0x654
                    0x0654                  _CM1CON = 0x654
                    0x0654                  _CM1CONbits = 0x654
                    0x065c                  CM2CON = 0x65c
                    0x065c                  _CM2CON = 0x65c
                    0x065c                  _CM2CONbits = 0x65c
                    0x0664                  CM3CON = 0x664
                    0x0664                  _CM3CON = 0x664
                    0x0664                  _CM3CONbits = 0x664
                    0x0680                  RPINR0 = 0x680
                    0x0680                  _RPINR0 = 0x680
                    0x0680                  _RPINR0bits = 0x680
                    0x0682                  RPINR1 = 0x682
                    0x0682                  _RPINR1 = 0x682
                    0x0682                  _RPINR1bits = 0x682
                    0x0686                  RPINR3 = 0x686
                    0x0686                  _RPINR3 = 0x686
                    0x0686                  _RPINR3bits = 0x686
                    0x0688                  RPINR4 = 0x688
                    0x0688                  _RPINR4 = 0x688
                    0x0688                  _RPINR4bits = 0x688
                    0x068e                  RPINR7 = 0x68e
                    0x068e                  _RPINR7 = 0x68e
                    0x068e                  _RPINR7bits = 0x68e
                    0x0690                  RPINR8 = 0x690
                    0x0690                  _RPINR8 = 0x690
                    0x0690                  _RPINR8bits = 0x690
                    0x0692                  RPINR9 = 0x692
                    0x0692                  _RPINR9 = 0x692
                    0x0692                  _RPINR9bits = 0x692
                    0x0696                  RPINR11 = 0x696
                    0x0696                  _RPINR11 = 0x696
                    0x0696                  _RPINR11bits = 0x696
                    0x06a4                  RPINR18 = 0x6a4
                    0x06a4                  _RPINR18 = 0x6a4
                    0x06a4                  _RPINR18bits = 0x6a4
                    0x06a6                  RPINR19 = 0x6a6
                    0x06a6                  _RPINR19 = 0x6a6
                    0x06a6                  _RPINR19bits = 0x6a6
                    0x06a8                  RPINR20 = 0x6a8
                    0x06a8                  _RPINR20 = 0x6a8
                    0x06a8                  _RPINR20bits = 0x6a8
                    0x06aa                  RPINR21 = 0x6aa
                    0x06aa                  _RPINR21 = 0x6aa
                    0x06aa                  _RPINR21bits = 0x6aa
                    0x06ac                  RPINR22 = 0x6ac
                    0x06ac                  _RPINR22 = 0x6ac
                    0x06ac                  _RPINR22bits = 0x6ac
                    0x06ae                  RPINR23 = 0x6ae
                    0x06ae                  _RPINR23 = 0x6ae
                    0x06ae                  _RPINR23bits = 0x6ae
                    0x06c0                  RPOR0 = 0x6c0
                    0x06c0                  _RPOR0 = 0x6c0
                    0x06c0                  _RPOR0bits = 0x6c0
                    0x06c2                  RPOR1 = 0x6c2
                    0x06c2                  _RPOR1 = 0x6c2
                    0x06c2                  _RPOR1bits = 0x6c2
                    0x06c4                  RPOR2 = 0x6c4
                    0x06c4                  _RPOR2 = 0x6c4
                    0x06c4                  _RPOR2bits = 0x6c4
                    0x06c6                  RPOR3 = 0x6c6
                    0x06c6                  _RPOR3 = 0x6c6
                    0x06c6                  _RPOR3bits = 0x6c6
                    0x06c8                  RPOR4 = 0x6c8
                    0x06c8                  _RPOR4 = 0x6c8
                    0x06c8                  _RPOR4bits = 0x6c8
                    0x06ca                  RPOR5 = 0x6ca
                    0x06ca                  _RPOR5 = 0x6ca
                    0x06ca                  _RPOR5bits = 0x6ca
                    0x06cc                  RPOR6 = 0x6cc
                    0x06cc                  _RPOR6 = 0x6cc
                    0x06cc                  _RPOR6bits = 0x6cc
                    0x06ce                  RPOR7 = 0x6ce
                    0x06ce                  _RPOR7 = 0x6ce
                    0x06ce                  _RPOR7bits = 0x6ce
                    0x0740                  RCON = 0x740
                    0x0740                  _RCON = 0x740
                    0x0740                  _RCONbits = 0x740
                    0x0742                  OSCCON = 0x742
                    0x0742                  _OSCCON = 0x742
                    0x0742                  _OSCCONbits = 0x742
                    0x0742                  OSCCONL = 0x742
                    0x0742                  _OSCCONL = 0x742
                    0x0743                  OSCCONH = 0x743
                    0x0743                  _OSCCONH = 0x743
                    0x0744                  CLKDIV = 0x744
                    0x0744                  _CLKDIV = 0x744
                    0x0744                  _CLKDIVbits = 0x744
                    0x0748                  OSCTUN = 0x748
                    0x0748                  _OSCTUN = 0x748
                    0x0748                  _OSCTUNbits = 0x748
                    0x074e                  REFOCON = 0x74e
                    0x074e                  _REFOCON = 0x74e
                    0x074e                  _REFOCONbits = 0x74e
                    0x0758                  DSCON = 0x758
                    0x0758                  _DSCON = 0x758
                    0x0758                  _DSCONbits = 0x758
                    0x075a                  DSWAKE = 0x75a
                    0x075a                  _DSWAKE = 0x75a
                    0x075a                  _DSWAKEbits = 0x75a
                    0x075c                  DSGPR0 = 0x75c
                    0x075c                  _DSGPR0 = 0x75c
                    0x075c                  _DSGPR0bits = 0x75c
                    0x075e                  DSGPR1 = 0x75e
                    0x075e                  _DSGPR1 = 0x75e
                    0x075e                  _DSGPR1bits = 0x75e
                    0x0760                  NVMCON = 0x760
                    0x0760                  _NVMCON = 0x760
                    0x0760                  _NVMCONbits = 0x760
                    0x0766                  NVMKEY = 0x766
                    0x0766                  _NVMKEY = 0x766
                    0x0770                  PMD1 = 0x770
                    0x0770                  _PMD1 = 0x770
                    0x0770                  _PMD1bits = 0x770
                    0x0772                  PMD2 = 0x772
                    0x0772                  _PMD2 = 0x772
                    0x0772                  _PMD2bits = 0x772
                    0x0774                  PMD3 = 0x774
                    0x0774                  _PMD3 = 0x774
                    0x0774                  _PMD3bits = 0x774
                    0x0776                  PMD4 = 0x776
                    0x0776                  _PMD4 = 0x776
                    0x0776                  _PMD4bits = 0x776
                    0x0144                  IC1 = 0x144
                    0x0144                  _IC1 = 0x144
                    0x014c                  IC2 = 0x14c
                    0x014c                  _IC2 = 0x14c
                    0x0154                  IC3 = 0x154
                    0x0154                  _IC3 = 0x154
                    0x015c                  IC4 = 0x15c
                    0x015c                  _IC4 = 0x15c
                    0x0164                  IC5 = 0x164
                    0x0164                  _IC5 = 0x164
                    0x0194                  OC1 = 0x194
                    0x0194                  _OC1 = 0x194
                    0x019e                  OC2 = 0x19e
                    0x019e                  _OC2 = 0x19e
                    0x01a8                  OC3 = 0x1a8
                    0x01a8                  _OC3 = 0x1a8
                    0x01b2                  OC4 = 0x1b2
                    0x01b2                  _OC4 = 0x1b2
                    0x01bc                  OC5 = 0x1bc
                    0x01bc                  _OC5 = 0x1bc
                    0x0240                  SPI1 = 0x240
                    0x0240                  _SPI1 = 0x240
                    0x0260                  SPI2 = 0x260
                    0x0260                  _SPI2 = 0x260
                    0x0220                  UART1 = 0x220
                    0x0220                  _UART1 = 0x220
                    0x0230                  UART2 = 0x230
                    0x0230                  _UART2 = 0x230
START GROUP
LOAD c:/program files/microchip/xc16/v1.61/bin/bin/../../lib\liblega-pic30-elf.a
LOAD c:/program files/microchip/xc16/v1.61/bin/bin/../../lib\libm-elf.a
LOAD c:/program files/microchip/xc16/v1.61/bin/bin/../../lib\liblega-c-elf.a
END GROUP
OUTPUT(dist/default/production/SampleTimer.X.production.elf elf32-pic30)
LOAD jump_table
LOAD default_isr
LOAD data_init

.debug_pubtypes
                  0x000108        0x4dd
 .debug_pubtypes
                  0x000108         0x59 build/default/production/mcc_generated_files/interrupt_manager.o
 .debug_pubtypes
                  0x000161         0x1f build/default/production/mcc_generated_files/pin_manager.o
 .debug_pubtypes
                  0x000180         0x2b build/default/production/mcc_generated_files/clock.o
 .debug_pubtypes
                  0x0001ab         0x4e build/default/production/mcc_generated_files/traps.o
 .debug_pubtypes
                  0x0001f9         0x63 build/default/production/mcc_generated_files/system.o
 .debug_pubtypes
                  0x00025c         0xae build/default/production/mcc_generated_files/adc1.o
 .debug_pubtypes
                  0x00030a         0x8c build/default/production/main.o
 .debug_pubtypes
                  0x000396         0x5d build/default/production/mcc_generated_files/cmp1.o
 .debug_pubtypes
                  0x0003f3         0xa4 build/default/production/mcc_generated_files/tmr2.o
 .debug_pubtypes
                  0x000497         0xaa build/default/production/mcc_generated_files/drivers/timeout.o
 .debug_pubtypes
                  0x000541         0xa4 build/default/production/mcc_generated_files/tmr1.o

__c30_signature
                  0x0005e5        0x210
 __c30_signature
                  0x0005e5          0x6 build/default/production/mcc_generated_files/interrupt_manager.o
 __c30_signature
                  0x0005eb          0x6 build/default/production/mcc_generated_files/pin_manager.o
 __c30_signature
                  0x0005f1          0x6 build/default/production/mcc_generated_files/mcc.o
 __c30_signature
                  0x0005f7          0x6 build/default/production/mcc_generated_files/clock.o
 __c30_signature
                  0x0005fd          0x6 build/default/production/mcc_generated_files/traps.o
 __c30_signature
                  0x000603          0x6 build/default/production/mcc_generated_files/system.o
 __c30_signature
                  0x000609          0x6 build/default/production/mcc_generated_files/adc1.o
 __c30_signature
                  0x00060f          0x6 build/default/production/main.o
 __c30_signature
                  0x000615          0x6 build/default/production/mcc_generated_files/cmp1.o
 __c30_signature
                  0x00061b          0x6 build/default/production/mcc_generated_files/tmr2.o
 __c30_signature
                  0x000621          0x6 build/default/production/mcc_generated_files/drivers/timeout.o
 __c30_signature
                  0x000627          0x6 build/default/production/mcc_generated_files/tmr1.o
 __c30_signature
                  0x00062d          0x6 c:/program files/microchip/xc16/v1.61/bin/bin/../../lib\liblega-pic30-elf.a(crt0_standard.o)
 __c30_signature
                  0x000633          0x6 c:/program files/microchip/xc16/v1.61/bin/bin/../../lib\liblega-pic30-elf.a(data_init_standard.o)
 __c30_signature
                  0x000639          0x6 c:/program files/microchip/xc16/v1.61/bin/bin/../../lib\libm-elf.a(divsf3.eo)
 __c30_signature
                  0x00063f          0x6 c:/program files/microchip/xc16/v1.61/bin/bin/../../lib\libm-elf.a(fgtge.eo)
 __c30_signature
                  0x000645          0x6 c:/program files/microchip/xc16/v1.61/bin/bin/../../lib\libm-elf.a(fixsfsi.eo)
 __c30_signature
                  0x00064b          0x6 c:/program files/microchip/xc16/v1.61/bin/bin/../../lib\libm-elf.a(floatsisf.eo)
 __c30_signature
                  0x000651          0x6 c:/program files/microchip/xc16/v1.61/bin/bin/../../lib\libm-elf.a(floatunsisf.eo)
 __c30_signature
                  0x000657          0x6 c:/program files/microchip/xc16/v1.61/bin/bin/../../lib\libm-elf.a(fpack.eo)
 __c30_signature
                  0x00065d          0x6 c:/program files/microchip/xc16/v1.61/bin/bin/../../lib\libm-elf.a(funpack.eo)
 __c30_signature
                  0x000663          0x6 c:/program files/microchip/xc16/v1.61/bin/bin/../../lib\libm-elf.a(funpack2.eo)
 __c30_signature
                  0x000669          0x6 c:/program files/microchip/xc16/v1.61/bin/bin/../../lib\libm-elf.a(futil.eo)
 __c30_signature
                  0x00066f          0x6 c:/program files/microchip/xc16/v1.61/bin/bin/../../lib\libm-elf.a(mulsf3.eo)
 __c30_signature
                  0x000675          0x6 c:/program files/microchip/xc16/v1.61/bin/bin/../../lib\libm-elf.a(fcompare.eo)
 __c30_signature
                  0x00067b          0x6 c:/program files/microchip/xc16/v1.61/bin/bin/../../lib\libm-elf.a(floatdisf.eo)
 __c30_signature
                  0x000681          0x6 c:/program files/microchip/xc16/v1.61/bin/bin/../../lib\libm-elf.a(floatundisf.eo)
 __c30_signature
                  0x000687          0x6 c:/program files/microchip/xc16/v1.61/bin/bin/../../lib\liblega-c-elf.a(puts.XX_eo)
 __c30_signature
                  0x00068d          0x6 c:/program files/microchip/xc16/v1.61/bin/bin/../../lib\liblega-c-elf.a(strlen.XX_eo)
 __c30_signature
                  0x000693          0x6 c:/program files/microchip/xc16/v1.61/bin/bin/../../lib\liblega-c-elf.a(xfiles.XX_eo)
 __c30_signature
                  0x000699          0x6 c:/program files/microchip/xc16/v1.61/bin/bin/../../lib\liblega-c-elf.a(fputc.XX_elo)
 __c30_signature
                  0x00069f          0x6 c:/program files/microchip/xc16/v1.61/bin/bin/../../lib\liblega-c-elf.a(printf_cdnopuxX.XXeo)
 __c30_signature
                  0x0006a5          0x6 c:/program files/microchip/xc16/v1.61/bin/bin/../../lib\liblega-c-elf.a(sprintf_cdfFnopuxX.XXeo)
 __c30_signature
                  0x0006ab          0x6 c:/program files/microchip/xc16/v1.61/bin/bin/../../lib\liblega-c-elf.a(xprintf_cdfFnopuxX.XXeo)
 __c30_signature
                  0x0006b1          0x6 c:/program files/microchip/xc16/v1.61/bin/bin/../../lib\liblega-c-elf.a(xputfld_cdfFnopuxX.XXeo)
 __c30_signature
                  0x0006b7          0x6 c:/program files/microchip/xc16/v1.61/bin/bin/../../lib\liblega-c-elf.a(xldtob_cdfFnopuxX.XXeo)
 __c30_signature
                  0x0006bd          0x6 c:/program files/microchip/xc16/v1.61/bin/bin/../../lib\liblega-c-elf.a(xgenld_cdfFnopuxX.XXeo)
 __c30_signature
                  0x0006c3          0x6 c:/program files/microchip/xc16/v1.61/bin/bin/../../lib\liblega-c-elf.a(div.XX_eo)
 __c30_signature
                  0x0006c9          0x6 c:/program files/microchip/xc16/v1.61/bin/bin/../../lib\liblega-c-elf.a(fflush.XX_eo)
 __c30_signature
                  0x0006cf          0x6 c:/program files/microchip/xc16/v1.61/bin/bin/../../lib\liblega-c-elf.a(fputs.XX_eo)
 __c30_signature
                  0x0006d5          0x6 c:/program files/microchip/xc16/v1.61/bin/bin/../../lib\liblega-c-elf.a(fwrite.XX_eo)
 __c30_signature
                  0x0006db          0x6 c:/program files/microchip/xc16/v1.61/bin/bin/../../lib\liblega-c-elf.a(ldiv.XX_eo)
 __c30_signature
                  0x0006e1          0x6 c:/program files/microchip/xc16/v1.61/bin/bin/../../lib\liblega-c-elf.a(memchr.XX_eo)
 __c30_signature
                  0x0006e7          0x6 c:/program files/microchip/xc16/v1.61/bin/bin/../../lib\liblega-c-elf.a(memcpy.XX_eo)
 __c30_signature
                  0x0006ed          0x6 c:/program files/microchip/xc16/v1.61/bin/bin/../../lib\liblega-c-elf.a(strchr.XX_eo)
 __c30_signature
                  0x0006f3          0x6 c:/program files/microchip/xc16/v1.61/bin/bin/../../lib\liblega-c-elf.a(strrchr.XX_eo)
 __c30_signature
                  0x0006f9          0x6 c:/program files/microchip/xc16/v1.61/bin/bin/../../lib\liblega-c-elf.a(xfwprep.XX_eo)
 __c30_signature
                  0x0006ff          0x6 c:/program files/microchip/xc16/v1.61/bin/bin/../../lib\liblega-c-elf.a(xldunsca.XX_eo)
 __c30_signature
                  0x000705          0x6 c:/program files/microchip/xc16/v1.61/bin/bin/../../lib\liblega-c-elf.a(xlitob.XX_eo)
 __c30_signature
                  0x00070b          0x6 c:/program files/microchip/xc16/v1.61/bin/bin/../../lib\liblega-c-elf.a(xputtxt.XX_eo)
 __c30_signature
                  0x000711          0x6 c:/program files/microchip/xc16/v1.61/bin/bin/../../lib\liblega-c-elf.a(xvacopy.XX_eo)
 __c30_signature
                  0x000717          0x6 c:/program files/microchip/xc16/v1.61/bin/bin/../../lib\liblega-c-elf.a(efwrite.XX_eo)
 __c30_signature
                  0x00071d          0x6 c:/program files/microchip/xc16/v1.61/bin/bin/../../lib\liblega-c-elf.a(fclose.XX_elo)
 __c30_signature
                  0x000723          0x6 c:/program files/microchip/xc16/v1.61/bin/bin/../../lib\liblega-c-elf.a(xatexit.XX_elo)
 __c30_signature
                  0x000729          0x6 c:/program files/microchip/xc16/v1.61/bin/bin/../../lib\liblega-c-elf.a(xdnorm.XX_elo)
 __c30_signature
                  0x00072f          0x6 c:/program files/microchip/xc16/v1.61/bin/bin/../../lib\liblega-c-elf.a(free.XX_eo)
 __c30_signature
                  0x000735          0x6 c:/program files/microchip/xc16/v1.61/bin/bin/../../lib\liblega-c-elf.a(malloc.XX_eo)
 __c30_signature
                  0x00073b          0x6 c:/program files/microchip/xc16/v1.61/bin/bin/../../lib\liblega-c-elf.a(xgetmem.XX_eo)
 __c30_signature
                  0x000741          0x6 c:/program files/microchip/xc16/v1.61/bin/bin/../../lib\liblega-pic30-elf.a(close.Leo)
 __c30_signature
                  0x000747          0x6 c:/program files/microchip/xc16/v1.61/bin/bin/../../lib\liblega-pic30-elf.a(write.Leo)
 __c30_signature
                  0x00074d          0x6 c:/program files/microchip/xc16/v1.61/bin/bin/../../lib\liblega-pic30-elf.a(remove.Leo)
 __c30_signature
                  0x000753          0x6 c:/program files/microchip/xc16/v1.61/bin/bin/../../lib\liblega-pic30-elf.a(sbrk.Leo)
 __c30_signature
                  0x000759          0x6 c:/program files/microchip/xc16/v1.61/bin/bin/../../lib\liblega-pic30-elf.a(c30_uart.Leo)
 __c30_signature
                  0x00075f          0x6 c:/program files/microchip/xc16/v1.61/bin/bin/../../lib\liblega-pic30-elf.a(memcpy_eds.Leo)
 __c30_signature
                  0x000765          0x6 c:/program files/microchip/xc16/v1.61/bin/bin/../../lib\liblega-pic30-elf.a(memchr_eds.Leo)
 __c30_signature
                  0x00076b          0x6 c:/program files/microchip/xc16/v1.61/bin/bin/../../lib\liblega-pic30-elf.a(brk.Lelo)
 __c30_signature
                  0x000771          0x6 c:/program files/microchip/xc16/v1.61/bin/bin/../../lib\libm-elf.a(deqltle.eo)
 __c30_signature
                  0x000777          0x6 c:/program files/microchip/xc16/v1.61/bin/bin/../../lib\libm-elf.a(dgtge.eo)
 __c30_signature
                  0x00077d          0x6 c:/program files/microchip/xc16/v1.61/bin/bin/../../lib\libm-elf.a(divdf3.eo)
 __c30_signature
                  0x000783          0x6 c:/program files/microchip/xc16/v1.61/bin/bin/../../lib\libm-elf.a(divsi3.eo)
 __c30_signature
                  0x000789          0x6 c:/program files/microchip/xc16/v1.61/bin/bin/../../lib\libm-elf.a(dpack.eo)
 __c30_signature
                  0x00078f          0x6 c:/program files/microchip/xc16/v1.61/bin/bin/../../lib\libm-elf.a(dunpack2.eo)
 __c30_signature
                  0x000795          0x6 c:/program files/microchip/xc16/v1.61/bin/bin/../../lib\libm-elf.a(extendsfdf.eo)
 __c30_signature
                  0x00079b          0x6 c:/program files/microchip/xc16/v1.61/bin/bin/../../lib\libm-elf.a(fixdfsi.eo)
 __c30_signature
                  0x0007a1          0x6 c:/program files/microchip/xc16/v1.61/bin/bin/../../lib\libm-elf.a(floatsidf.eo)
 __c30_signature
                  0x0007a7          0x6 c:/program files/microchip/xc16/v1.61/bin/bin/../../lib\libm-elf.a(muldf3.eo)
 __c30_signature
                  0x0007ad          0x6 c:/program files/microchip/xc16/v1.61/bin/bin/../../lib\libm-elf.a(subdf3.eo)
 __c30_signature
                  0x0007b3          0x6 c:/program files/microchip/xc16/v1.61/bin/bin/../../lib\libm-elf.a(udivsi3.eo)
 __c30_signature
                  0x0007b9          0x6 c:/program files/microchip/xc16/v1.61/bin/bin/../../lib\libm-elf.a(umodsi3.eo)
 __c30_signature
                  0x0007bf          0x6 c:/program files/microchip/xc16/v1.61/bin/bin/../../lib\libm-elf.a(mulsi3.eo)
 __c30_signature
                  0x0007c5          0x6 c:/program files/microchip/xc16/v1.61/bin/bin/../../lib\libm-elf.a(divmoddi3.eo)
 __c30_signature
                  0x0007cb          0x6 c:/program files/microchip/xc16/v1.61/bin/bin/../../lib\libm-elf.a(adddf3.eo)
 __c30_signature
                  0x0007d1          0x6 c:/program files/microchip/xc16/v1.61/bin/bin/../../lib\libm-elf.a(dcompare.eo)
 __c30_signature
                  0x0007d7          0x6 c:/program files/microchip/xc16/v1.61/bin/bin/../../lib\libm-elf.a(dpropagateNaN.eo)
 __c30_signature
                  0x0007dd          0x6 c:/program files/microchip/xc16/v1.61/bin/bin/../../lib\libm-elf.a(dtype.eo)
 __c30_signature
                  0x0007e3          0x6 c:/program files/microchip/xc16/v1.61/bin/bin/../../lib\libm-elf.a(dunpack.eo)
 __c30_signature
                  0x0007e9          0x6 c:/program files/microchip/xc16/v1.61/bin/bin/../../lib\libm-elf.a(floatdidf.eo)
 __c30_signature
                  0x0007ef          0x6 c:/program files/microchip/xc16/v1.61/bin/bin/../../lib\libm-elf.a(floatundidf.eo)

.nbss               0x0800         0x20
 .nbss              0x0800         0x12 build/default/production/main.o
                    0x0800                  _myTimer
                    0x0802                  _pwmTimer
                    0x0804                  _pwmSignal
                    0x0806                  _pwmDutyCycle
                    0x080a                  _pwmDutyCycleCount
                    0x080c                  _waitingForTimer
                    0x080e                  _timerDelayMilliSec
                    0x0810                  _dutyCycleTimerValue
 .nbss              0x0812          0xe build/default/production/mcc_generated_files/drivers/timeout.o
                    0x0812                  _listHead
                    0x0814                  _executeQueueHead
                    0x0816                  _absoluteTimeofLastTimeout
                    0x081a                  _lastTimerLoad
                    0x081e                  _isRunning

.ndata              0x0820          0x2
 .ndata             0x0820          0x2 build/default/production/mcc_generated_files/traps.o

.nbss               0x0822          0x6
 .nbss              0x0822          0x2 build/default/production/mcc_generated_files/adc1.o
 .nbss              0x0824          0x2 build/default/production/mcc_generated_files/tmr2.o
                    0x0824                  _TMR2_InterruptHandler
 .nbss              0x0826          0x2 build/default/production/mcc_generated_files/tmr1.o
                    0x0826                  _TMR1_InterruptHandler

.data               0x0828        0x102